// Jest Snapshot v1, https://goo.gl/fbAQLP

exports[`DataVisual snapshot testing 1`] = `
<div
  className="PieChart"
>
  <Pie
    data={
      Object {
        "dataset": Array [
          Object {
            "backgroundColor": Array [
              "rgba(255, 99, 132, 1)",
              "rgba(54, 162, 235, 1)",
              "rgba(255, 206, 86, 1)",
              "rgba(75, 192, 192, 1)",
              "rgba(153, 102, 255, 1)",
              "rgba(255, 159, 64, 1)",
            ],
            "borderColor": Array [
              "rgba(255, 99, 132, 0.2)",
              "rgba(54, 162, 235, 0.2)",
              "rgba(255, 206, 86, 0.2)",
              "rgba(75, 192, 192, 0.2)",
              "rgba(153, 102, 255, 0.2)",
              "rgba(255, 159, 64, 0.2)",
            ],
            "borderWidth": 1,
            "data": Array [
              10,
              5,
              6,
              8,
              15,
            ],
            "label": "# of Votes",
          },
        ],
        "labels": Array [
          "Restaurant 1",
          "Restaurant 2",
          "Restaurant 3",
          "Restaurant 4",
          "Restaurant 5",
        ],
      }
    }
    height={250}
    options={
      Object {
        "legend": Object {
          "display": true,
          "labels": Object {
            "fontColor": "rgb(255, 255, 255)",
          },
        },
      }
    }
  />
</div>
`;
