// Jest Snapshot v1, https://goo.gl/fbAQLP

exports[`ResultPage snapshot testing when there is result 1`] = `
Array [
  <h1
    className="Title"
  >
    yumble
  </h1>,
  <div
    className="container"
    style={
      Object {
        "marginTop": "4em",
        "maxHeight": "100%",
      }
    }
  >
    <div
      className="MakeCentre"
    >
      <div
        className="card"
        id="Card-field"
        style={
          Object {
            "alignItems": "center",
            "display": "flex",
            "justifyContent": "center",
          }
        }
      >
        <h2
          className="text-center card-header"
          id="Card-Header"
          style={
            Object {
              "width": "100%",
            }
          }
        >
           
          Top Choice
        </h2>
        <div
          className="card-body"
          style={
            Object {
              "alignItems": "center",
              "display": "flex",
              "justifyContent": "center",
            }
          }
        >
          <div
            className="justify-content-md-center row row-cols-lg-12"
            style={
              Object {
                "alignItems": "center",
                "display": "flex",
                "justifyContent": "center",
                "maxWidth": "95%",
              }
            }
          >
            <div
              className="col"
              style={
                Object {
                  "alignItems": "center",
                  "display": "flex",
                  "justifyContent": "center",
                  "marginTop": "1em",
                  "maxHeight": "50%",
                }
              }
            >
              <div
                className="SwipeCard "
                onClick={[Function]}
              >
                <div
                  className="CardImage"
                >
                  <img
                    className="CardImage"
                  />
                </div>
                <div>
                  <p
                    className="PlaceDetails"
                    id="name"
                  >
                     
                    Lonestar
                     
                  </p>
                </div>
                <p
                  className="PlaceDetails"
                  id="location"
                >
                   
                  Botany
                   
                </p>
                <p
                  className="PlaceDetails"
                  id="price"
                >
                   
                  $$$
                   
                </p>
                <p
                  className="PlaceDetails"
                  id="rating"
                >
                   
                  4.0
                   Rating
                </p>
              </div>
            </div>
            <div
              className="col-lg-12"
              style={
                Object {
                  "alignItems": "center",
                  "display": "flex",
                  "justifyContent": "center",
                }
              }
            >
              <button
                className="BigBtn btn btn-success"
                disabled={false}
                id="Resultbutton"
                onClick={[Function]}
                style={
                  Object {
                    "fontSize": "2em",
                    "marginBottom": "0.1em",
                    "marginTop": "0.1em",
                  }
                }
                type="button"
              >
                See results
              </button>
              <button
                className="BigBtn btn btn-info"
                disabled={false}
                onClick={[Function]}
                style={
                  Object {
                    "fontSize": "2em",
                    "marginBottom": "0.1em",
                    "marginLeft": "0.3em",
                    "marginTop": "0.1em",
                  }
                }
                type="button"
              >
                Restart
                 
              </button>
              
            </div>
            <div
              className="col-lg-12"
              style={
                Object {
                  "alignItems": "center",
                  "display": "flex",
                  "justifyContent": "center",
                }
              }
            >
              <button
                className="BigBtn btn btn-warning"
                disabled={false}
                id="GoogleMaps_btn"
                onClick={[Function]}
                style={
                  Object {
                    "marginBottom": "0.15em",
                    "marginTop": "0.15em",
                  }
                }
                type="button"
              >
                View on Google Maps
                <svg
                  height="30"
                  viewBox="-90 -90 600 600"
                  width="30"
                  xmlns="http://www.w3.org/2000/svg"
                >
                  <path
                    d="M256 0C161.896 0 85.333 76.563 85.333 170.667c0 28.25 7.063 56.26 20.49 
 81.104L246.667 506.5c1.875 3.396 5.448 5.5 9.333 5.5s7.458-2.104 
 9.333-5.5l140.896-254.813c13.375-24.76 20.438-52.771 20.438-81.021C426.667
 76.563 350.104 0 256 0zm0 256c-47.052 0-85.333-38.281-85.333-85.333S208.948 
 85.334 256 85.334s85.333 38.281 85.333 85.333S303.052 256 256 256z"
                    fill="#ff6056"
                    height="100%"
                    width="100%"
                  />
                </svg>
              </button>
              
            </div>
          </div>
        </div>
      </div>
    </div>
  </div>,
  <button
    className="btn btn-info btn-lg"
    disabled={false}
    id="HelpButton"
    onClick={[Function]}
    type="button"
  >
    Help
  </button>,
  "",
]
`;
