// Jest Snapshot v1, https://goo.gl/fbAQLP

exports[`Swiping Card snapshot testing 1`] = `
<div
  className="SwipeCard"
  onClick={[Function]}
>
  <div
    className="CardImage"
  >
    <img
      className="CardImage"
      src="https://c.files.bbci.co.uk/050B/production/_103119210_lazytown2.jpg"
    />
  </div>
  <div>
    <p
      className="PlaceDetails"
      id="name"
    >
       
      Lonestar
       
    </p>
  </div>
  <p
    className="PlaceDetails"
    id="location"
  >
     
    Botany
     
  </p>
  <p
    className="PlaceDetails"
    id="price"
  >
     
    $$$
     
  </p>
  <p
    className="PlaceDetails"
    id="rating"
  >
     
    4.0
     Rating
  </p>
</div>
`;
