// Jest Snapshot v1, https://goo.gl/fbAQLP

exports[`Button snapshot testing 1`] = `
<div>
  <button>
    Testing Button
  </button>
</div>
`;
